[www.spendee.com/index.html]
[backblue.gif]
[fade.gif]
[index.html]
[www.spendee.com/img/favicons/apple-icon-57x573860.png]
[www.spendee.com/img/favicons/apple-icon-60x603860.png]
[www.spendee.com/img/favicons/apple-icon-72x723860.png]
[www.spendee.com/img/favicons/apple-icon-76x763860.png]
[www.spendee.com/img/favicons/apple-icon-114x1143860.png]
[www.spendee.com/img/favicons/apple-icon-120x1203860.png]
[www.spendee.com/img/favicons/apple-icon-144x1443860.png]
[www.spendee.com/img/favicons/apple-icon-152x1523860.png]
[www.spendee.com/img/favicons/apple-icon-180x1803860.png]
[www.spendee.com/img/favicons/android-icon-192x1923860.png]
[www.spendee.com/img/favicons/favicon-32x323860.png]
[www.spendee.com/img/favicons/favicon-96x963860.png]
[www.spendee.com/img/favicons/favicon-16x163860.png]
[www.spendee.com/img/favicons/manifest.json]
[www.spendee.com/img/favicons/ms-icon-144x1443860.png]
[www.spendee.com/css/stylesheet.min30f4.css]
[www.spendee.com/css/magnificPopup.css]
[www.spendee.com/js/vendor/modernizr-2.8.3.min.js]
[www.spendee.com/js/vendor/detectizr.js]
[connect.facebook.net/en_EN/sdk.js]
[www.spendee.com/premium.html]
[www.spendee.com/support.html]
[www.spendee.com/contact.html]
[www.spendee.com/img/landing5-logo1.png]
[www.spendee.com/img/landing5-logo2.png]
[www.spendee.com/img/landing5-logo3.png]
[www.spendee.com/img/landing5-logo4.png]
[www.spendee.com/img/landing5-logo5.png]
[www.spendee.com/img/landing5-logo6.png]
[ajax.googleapis.com/ajax/libs/jquery/1.11.1/jquery.min.js]
[www.spendee.com/js/plugins.js]
[www.spendee.com/js/maine5bf.js]
[www.spendee.com/js/vendor/jquery-1.11.1.min.js]
[www.spendee.com/js/vendor/magnificPopup.min.js]
[www.spendee.com/js/vendor/jquery.foggy.min.js]
[www.google-analytics.com/analytics.js]
[www.spendee.com/index.html]
[www.spendee.com/img/favicons/mstile-310x310.html]
[www.spendee.com/img/png/loading.png]
[www.spendee.com/img/png-2x/loading-2x.png]
[www.spendee.com/img/png/loading-done.png]
[www.spendee.com/img/png-2x/loading-done-2x.png]
[www.spendee.com/css/stylesheet.min30f4.css]
[www.spendee.com/css/magnificPopup.css]
[connect.facebook.net/en_EN/sdk.js]
[connect.facebook.net/en_US/sdk.js]
[www.spendee.com/css/stylesheet.min3661.css]
[www.spendee.com/premium.html]
[www.spendee.com/js/main.js]
[www.spendee.com/css/stylesheet_oldae52.css]
[www.spendee.com/css/stylesheetae52.css]
[www.spendee.com/support.html]
[www.spendee.com/css/stylesheetc619.css]
[www.spendee.com/img/contact/david-neveceral.jpg]
[www.spendee.com/img/contact/jakub-sechter.jpg]
[www.spendee.com/img/contact/josef-martinec.jpg]
[www.spendee.com/contact.html]
[www.spendee.com/img/appstore-btn.svg]
[www.spendee.com/img/googleplay-btn.svg]
[www.spendee.com/img/icons/rocket.svg]
[www.spendee.com/img/icons/idea.svg]
[www.spendee.com/img/icons/crown.svg]
[www.spendee.com/img/icons/rocket-grey.svg]
[www.spendee.com/img/icons/faq-grey.svg]
[www.spendee.com/img/icons/idea-grey.svg]
[www.spendee.com/ABCDEFGHIJKLMNOPQRSTUVWXYZabcdefghijklmnopqrstuvwxyz0123456789+/index.html]
[www.spendee.com/css/stylesheet.min3661.css]
[connect.facebook.net/en_US/sdk.js]
[www.spendee.com/fonts/ProximaNova-Bold.eot]
[www.spendee.com/fonts/ProximaNova-Boldd41d.eot]
[www.spendee.com/fonts/ProximaNova-Bold.woff]
[www.spendee.com/fonts/ProximaNova-Bold.ttf]
[www.spendee.com/fonts/ProximaNova-Light.eot]
[www.spendee.com/fonts/ProximaNova-Lightd41d.eot]
[www.spendee.com/fonts/ProximaNova-Light.woff]
[www.spendee.com/fonts/ProximaNova-Light.ttf]
[www.spendee.com/fonts/ProximaNova-Regular.eot]
[www.spendee.com/fonts/ProximaNova-Regulard41d.eot]
[www.spendee.com/fonts/ProximaNova-Regular.woff]
[www.spendee.com/fonts/ProximaNova-Regular.ttf]
[www.spendee.com/fonts/ProximaNova-Semibold.eot]
[www.spendee.com/fonts/ProximaNova-Semiboldd41d.eot]
[www.spendee.com/fonts/ProximaNova-Semibold.woff]
[www.spendee.com/fonts/ProximaNova-Semibold.ttf]
[www.spendee.com/css/stylesheet_oldae52.css]
[www.spendee.com/img/bg_intro.png]
[www.spendee.com/img/png/intro-phoneBack.png]
[www.spendee.com/img/png-2x/intro-phoneBack-2x.png]
[www.spendee.com/img/png/landing1-phones.png]
[www.spendee.com/img/png-2x/landing1-phones-2x.png]
[www.spendee.com/img/png/landing1-bgIcons.png]
[www.spendee.com/img/png-2x/landing1-bgIcons-2x.png]
[www.spendee.com/img/png/landing1-phoneBack.png]
[www.spendee.com/img/png-2x/landing1-phoneBack-2x.png]
[www.spendee.com/img/png/landing1-phoneFront.png]
[www.spendee.com/img/png-2x/landing1-phoneFront-2x.png]
[www.spendee.com/img/png/video_img_2x.png]
[www.spendee.com/img/png/mobile_landing2-phones.png]
[www.spendee.com/img/png/landing2-phoneTop.png]
[www.spendee.com/img/png-2x/landing2-phoneTop-2x.png]
[www.spendee.com/img/png/landing2-phones.png]
[www.spendee.com/img/png-2x/landing2-phones-2x.png]
[www.spendee.com/img/png/landing3-phonePeople.png]
[www.spendee.com/img/png-2x/landing3-phonePeople-2x.png]
[www.spendee.com/img/png/landing3-phoneCategories.png]
[www.spendee.com/img/png-2x/landing3-phoneCategories-2x.png]
[www.spendee.com/img/png/landing3-phonePlaces.png]
[www.spendee.com/img/png-2x/landing3-phonePlaces-2x.png]
[www.spendee.com/img/png/landing6-bgIcons.png]
[www.spendee.com/img/png-2x/landing6-bgIcons-2x.png]
[www.spendee.com/img/png/landing6-phoneBack.png]
[www.spendee.com/img/png-2x/landing6-phoneBack-2x.png]
[www.spendee.com/img/png/landing6-phoneFront.png]
[www.spendee.com/img/png-2x/landing6-phoneFront-2x.png]
[www.spendee.com/img/help_page_header.png]
[www.spendee.com/img/icons/loading.gif]
[www.spendee.com/img/png/pageMedia-phone.png]
[www.spendee.com/img/png-2x/pageMedia-phone-2x.png]
[www.spendee.com/img/png/pageSpendeePro1-phone.png]
[www.spendee.com/img/png-2x/pageSpendeePro1-phone-2x.png]
[www.spendee.com/img/png/pageSpendeePro2-phone.png]
[www.spendee.com/img/png-2x/pageSpendeePro2-phone-2x.png]
[www.spendee.com/img/png/mobile_pageSpendeePro2-phone.png]
[www.spendee.com/img/png/pageSpendeePro3-phone.png]
[www.spendee.com/img/png-2x/pageSpendeePro3-phone-2x.png]
[www.spendee.com/img/png/mobile_pageSpendeePro3-phone.png]
[www.spendee.com/img/png/pageSpendeePro8-phone.png]
[www.spendee.com/img/png-2x/pageSpendeePro8-phone-2x.png]
[www.spendee.com/img/png/mobile_pageSpendeePro8-phone.png]
[www.spendee.com/img/png/pageSpendeePro4-phone.png]
[www.spendee.com/img/png-2x/pageSpendeePro4-phone-2x.png]
[www.spendee.com/img/png/mobile_pageSpendeePro4-phone.png]
[www.spendee.com/img/png/pageSpendeePro5-phone.png]
[www.spendee.com/img/png-2x/pageSpendeePro5-phone-2x.png]
[www.spendee.com/img/png/mobile_pageSpendeePro5-phone.png]
[www.spendee.com/img/png/pageSpendeePro7-phones.png]
[www.spendee.com/img/png-2x/pageSpendeePro7-phones-2x.png]
[www.spendee.com/img/png/mobile_pageSpendeePro7-phone.png]
[www.spendee.com/css/stylesheetae52.css]
[www.spendee.com/www.saltedge.html]
[www.spendee.com/css/stylesheetc619.css]
[www.spendee.com/fonts/ProximaNova-Bold.html]
[www.spendee.com/fonts/ProximaNova-Bold.svg]
[www.spendee.com/fonts/ProximaNova-Light.html]
[www.spendee.com/fonts/ProximaNova-Light.svg]
[www.spendee.com/fonts/ProximaNova-Regular.html]
[www.spendee.com/fonts/ProximaNova-Regular.svg]
[www.spendee.com/fonts/ProximaNova-Semibold.html]
[www.spendee.com/fonts/ProximaNova-Semibold.svg]
[www.spendee.com/img/landing1-phones.html]
[www.spendee.com/img/icons/magnify.svg]
